exports[`test NavBar renders correctly 1`] = `
<div>
   I am a nav bar! 
</div>
`;
